// Jest Snapshot v1, https://goo.gl/fbAQLP

exports[`Should test Expense Dashboard Page 1`] = `
<div>
  <Memo(Connect(ExpenseList)) />
</div>
`;
