// Jest Snapshot v1, https://goo.gl/fbAQLP

exports[`Should render header correctly 1`] = `
<header>
  <h1>
     Expense App
  </h1>
  <NavLink
    activeClassName="is-active"
    exact={true}
    to="/"
  >
    Go Home
  </NavLink>
  <br />
  <NavLink
    activeClassName="is-active"
    to="/create"
  >
    Go To Create Page
  </NavLink>
  <br />
  <NavLink
    activeClassName="is-active"
    to="/edit"
  >
    Go To Edit Page
  </NavLink>
  <br />
</header>
`;
