// Jest Snapshot v1, https://goo.gl/fbAQLP

exports[`Should test Expense Dashboard Page 1`] = `
<div>
  <h2>
    404! Error Not Found
  </h2>
</div>
`;
